// Jest Snapshot v1, https://goo.gl/fbAQLP

exports[`<NotFoundPage /> should render the page message 1`] = `<InjectIntl(NotFound) />`;
